
  ___  ____  ____  ____  ____ (R)
 /__    /   ____/   /   ____/
___/   /   /___/   /   /___/   14.2   Copyright 1985-2015 StataCorp LLC
  Statistics/Data Analysis            StataCorp
                                      4905 Lakeway Drive
     MP - Parallel Edition            College Station, Texas 77845 USA
                                      800-STATA-PC        http://www.stata.com
                                      979-696-4600        stata@stata.com
                                      979-696-4601 (fax)

Single-user 8-core Stata perpetual license:
       Serial number:  10699393
         Licensed to:  Rafael
                       

Notes:
      1.  Stata is running in batch mode.
      2.  Unicode is supported; see help unicode_advice.
      3.  More than 2 billion observations are allowed; see help obs_advice.
      4.  Maximum number of variables is set to 5000; see help set_maxvar.

. do "produce_measures.do" 

. //Load national SOC data
. import excel using "../input/national_M2018_dl.xlsx", clear firstrow

. keep if OCC_GROUP=="detailed"
(571 observations deleted)

. //Merge with ONET-based coding of teleworkability; fill in "miscellaneous cat
> egories using 4-digit means
. merge 1:1 OCC_CODE using "../input/onet_teleworkable_blscodes.dta"

    Result                           # of obs.
    -----------------------------------------
    not matched                            48
        from master                        46  (_merge==1)
        from using                          2  (_merge==2)

    matched                               762  (_merge==3)
    -----------------------------------------

. gen str OCC_CODE_4digit = substr(OCC_CODE,1,5)

. bys OCC_CODE_4digit: egen numer = total(telew*TOT_EMP)

. bys OCC_CODE_4digit: egen denom = total(TOT_EMP)

. gen telew_4digit = numer / denom
(2 missing values generated)

. replace teleworkable = telew_4digit if missing(teleworkable)==1 & (substr(OCC
> _CODE,-1,1)=="9"|substr(OCC_CODE,-2,2)=="90"|OCC_CODE=="11-1031") & (strpos(O
> CC_TITLE,"All Other")!=0|strpos(OCC_TITLE,"Miscellaneous")!=0|OCC_TITLE=="Leg
> islators") //
(46 real changes made)

. assert missing(teleworkable)==0

. keep OCC_CODE OCC_TITLE teleworkable

. tempfile tf_merged_onet

. save `tf_merged_onet'
file C:\Users\Rafael\AppData\Local\Temp\ST_00000001.tmp saved

. 
. //Load MSA occupation counts
. import excel using "../input/MSA_M2018_dl.xlsx", clear firstrow

. destring AREA TOT_EMP, replace ig("*")
AREA: all characters numeric; replaced as long
TOT_EMP: character * removed; replaced as long
(12674 missing values generated)

. drop if OCC_CODE=="00-0000" | substr(OCC_CODE,-4,4)=="0000"
(9,018 observations deleted)

. replace H_MEAN = "100" if H_MEAN=="#"
(110 real changes made)

. destring H_MEAN, replace ig(*)
H_MEAN: character * removed; replaced as double
(9068 missing values generated)

. tempfile tf_BLS_MSA_occ_data

. save `tf_BLS_MSA_occ_data'
file C:\Users\Rafael\AppData\Local\Temp\ST_00000002.tmp saved

. 
. //Merge with BN-JD coding of teleworkability by collapsing to 5-digit level
. gen BroadGroupCode = substr(OCC_CODE,1,6) + "0"

. collapse (sum) TOT_EMP (mean) H_MEAN (firstnm) PRIM_STATE AREA_NAME , by(AREA
>  BroadGroupCode)

. merge m:1 BroadGroupCode using "../input/Teleworkable_BNJDopinion.dta", asser
> t(using match) keep(match) nogen

    Result                           # of obs.
    -----------------------------------------
    not matched                             0
    matched                            97,640  
    -----------------------------------------

. rename Teleworkable teleworkable

. 
. //Generate employment-weighted and wage-weighted means
. bys AREA: egen emp_denom  = total(TOT_EMP)

. bys AREA: egen emp_numer  = total(teleworkable*TOT_EMP)

. bys AREA: egen wage_denom = total(H_MEAN*TOT_EMP)

. bys AREA: egen wage_numer = total(teleworkable*H_MEAN*TOT_EMP)

. gen teleworkable_emp = emp_numer / emp_denom

. gen teleworkable_wage = wage_numer / wage_denom

. rename emp_denom MSA_totalemployment

. keep AREA AREA_NAME teleworkable_emp teleworkable_wage MSA_totalemployment

. duplicates drop

Duplicates in terms of all variables

(97,245 observations deleted)

. egen tag = tag(AREA)

. assert tag==1

. save "../output/MSA_2018_teleworkable_manual.dta", replace
(note: file ../output/MSA_2018_teleworkable_manual.dta not found)
file ../output/MSA_2018_teleworkable_manual.dta saved

. 
. //Merge with O*NET-derived coding of teleworkability
. use `tf_BLS_MSA_occ_data', clear

. merge m:1 OCC_CODE using `tf_merged_onet', assert(using match) keep(match) no
> gen

    Result                           # of obs.
    -----------------------------------------
    not matched                             0
    matched                           134,887  
    -----------------------------------------

. 
. //Generate employment-weighted and wage-weighted means
. bys AREA: egen emp_denom  = total(TOT_EMP)

. bys AREA: egen emp_numer  = total(teleworkable*TOT_EMP)

. bys AREA: egen wage_denom = total(H_MEAN*TOT_EMP)

. bys AREA: egen wage_numer = total(teleworkable*H_MEAN*TOT_EMP)

. gen teleworkable_emp = emp_numer / emp_denom

. gen teleworkable_wage = wage_numer / wage_denom

. rename emp_denom MSA_totalemployment

. keep AREA AREA_NAME teleworkable_emp teleworkable_wage MSA_totalemployment

. duplicates drop

Duplicates in terms of all variables

(134,492 observations deleted)

. egen tag = tag(AREA)

. assert tag==1

. drop tag

. save "../output/MSA_2018_teleworkable_onet.dta", replace
(note: file ../output/MSA_2018_teleworkable_onet.dta not found)
file ../output/MSA_2018_teleworkable_onet.dta saved

. export delimited using "../output/MSA_2018_teleworkable_onet.csv", replace
(note: file ../output/MSA_2018_teleworkable_onet.csv not found)
file ../output/MSA_2018_teleworkable_onet.csv saved

. 
. use AREA AREA_NAME teleworkable* using "../output/MSA_2018_teleworkable_manua
> l.dta", clear

. rename (teleworkable_emp teleworkable_wage) (teleworkable_manual_emp telework
> able_manual_wage )

. merge 1:1 AREA using "../output/MSA_2018_teleworkable_onet.dta", update keepu
> sing(teleworkable*) assert(match) nogen

    Result                           # of obs.
    -----------------------------------------
    not matched                             0

    matched                               395
        not updated                       395  
        missing updated                     0  
        nonmissing conflict                 0  
    -----------------------------------------

. keep AREA AREA_NAME teleworkable*

. export delimited using "../output/MSA_workfromhome.csv", replace
file ../output/MSA_workfromhome.csv saved

. 
end of do-file
