
  ___  ____  ____  ____  ____ (R)
 /__    /   ____/   /   ____/
___/   /   /___/   /   /___/   14.2   Copyright 1985-2015 StataCorp LLC
  Statistics/Data Analysis            StataCorp
                                      4905 Lakeway Drive
     MP - Parallel Edition            College Station, Texas 77845 USA
                                      800-STATA-PC        http://www.stata.com
                                      979-696-4600        stata@stata.com
                                      979-696-4601 (fax)

Single-user 8-core Stata perpetual license:
       Serial number:  10699393
         Licensed to:  Rafael
                       

Notes:
      1.  Stata is running in batch mode.
      2.  Unicode is supported; see help unicode_advice.
      3.  More than 2 billion observations are allowed; see help obs_advice.
      4.  Maximum number of variables is set to 5000; see help set_maxvar.

. do "MSA_traits_5yearACS.do" 

. clear all

. 
. // median household income
. import delimited "../input/B19013_5yr.csv", varn(1) clear
(9 vars, 945 obs)

. destring b19013_001e, replace ignore("null")
b19013_001e: characters n u l removed; replaced as long
(1 missing value generated)

. assert substr(metropolitanstatisticalareamicro,1,5)==substr(geo_id,-5,5)

. keep geo_id v5 b19013_001e

. rename (v5 b19013_001e) (geo_name median_income)

. tempfile df_income

. save `df_income'
file C:\Users\Rafael\AppData\Local\Temp\ST_00000001.tmp saved

. 
. // fraction of population with a bachelor's degree or higher educational atta
> inment
. import delimited "../input/B15003_5yr.csv", varn(1) clear
(105 vars, 945 obs)

. gen frac_ba = (b15003_022e + b15003_023e + b15003_024e + b15003_025e)/b15003_
> 001e

. assert substr(metropolitanstatisticalareamicro,1,5)==substr(geo_id,-5,5)

. keep geo_id v53 frac_ba

. rename v53 geo_name

. tempfile df_edu

. save `df_edu'
file C:\Users\Rafael\AppData\Local\Temp\ST_00000002.tmp saved

. 
. // fraction home owners (as opposed to renters)
. import delimited "../input/B25003_5yr.csv", varn(1) clear
(17 vars, 945 obs)

. gen frac_own = b25003_002e/b25003_001e

. assert substr(metropolitanstatisticalareamicro,1,5)==substr(geo_id,-5,5)

. keep geo_id v9 frac_own

. rename v9 geo_name

. tempfile df_tenure

. save `df_tenure'
file C:\Users\Rafael\AppData\Local\Temp\ST_00000003.tmp saved

. 
. // fraction of residential population whose race is white
. import delimited "../input/B02001_5yr.csv", varn(1) clear
(45 vars, 945 obs)

. gen frac_white = b02001_002e/b02001_001e

. assert substr(metropolitanstatisticalareamicro,1,5)==substr(geo_id,-5,5)

. keep geo_id v23 frac_white

. rename v23 geo_name

. 
. // merge data
. merge 1:1 geo_id using `df_income', assert(match) nogen

    Result                           # of obs.
    -----------------------------------------
    not matched                             0
    matched                               945  
    -----------------------------------------

. merge 1:1 geo_id using `df_edu', assert(match) nogen

    Result                           # of obs.
    -----------------------------------------
    not matched                             0
    matched                               945  
    -----------------------------------------

. merge 1:1 geo_id using `df_tenure', assert(match) nogen

    Result                           # of obs.
    -----------------------------------------
    not matched                             0
    matched                               945  
    -----------------------------------------

. gen cbsa = real(substr(geo_id,-5,5))

. save "../output/CBSA_characteristics_5yr.dta",replace
(note: file ../output/CBSA_characteristics_5yr.dta not found)
file ../output/CBSA_characteristics_5yr.dta saved

. 
. 
end of do-file
